study,dataset,variable,instrument,question,item
some-study,some-dataset,some-other-variable,some-instrument,1,some-item
some-study,some-dataset,some-variable,some-instrument,1,some-item
